node_modules/qrcode.react/lib/index.d.ts(1,8): error TS1259: Module '"C:/Users/SHARDUL/Desktop/bidathin/meshguard/node_modules/@types/react/index"' can only be default-imported using the 'esModuleInterop' flag
src/components/Settings.tsx(1,8): error TS1259: Module '"C:/Users/SHARDUL/Desktop/bidathin/meshguard/node_modules/@types/react/index"' can only be default-imported using the 'esModuleInterop' flag
src/components/Settings.tsx(7,8): error TS1192: Module '"C:/Users/SHARDUL/Desktop/bidathin/meshguard/node_modules/lz-string/typings/lz-string"' has no default export.
src/components/Settings.tsx(208,9): error TS17004: Cannot use JSX unless the '--jsx' flag is provided.
src/components/Settings.tsx(209,13): error TS17004: Cannot use JSX unless the '--jsx' flag is provided.
src/components/Settings.tsx(210,17): error TS17004: Cannot use JSX unless the '--jsx' flag is provided.
src/components/Settings.tsx(211,21): error TS17004: Cannot use JSX unless the '--jsx' flag is provided.
src/components/Settings.tsx(212,25): error TS17004: Cannot use JSX unless the '--jsx' flag is provided.
src/components/Settings.tsx(214,21): error TS17004: Cannot use JSX unless the '--jsx' flag is provided.
src/components/Settings.tsx(216,17): error TS17004: Cannot use JSX unless the '--jsx' flag is provided.
src/components/Settings.tsx(217,21): error TS17004: Cannot use JSX unless the '--jsx' flag is provided.
src/components/Settings.tsx(218,21): error TS17004: Cannot use JSX unless the '--jsx' flag is provided.
src/components/Settings.tsx(222,13): error TS17004: Cannot use JSX unless the '--jsx' flag is provided.
src/components/Settings.tsx(223,17): error TS17004: Cannot use JSX unless the '--jsx' flag is provided.
src/components/Settings.tsx(224,21): error TS17004: Cannot use JSX unless the '--jsx' flag is provided.
src/components/Settings.tsx(225,25): error TS17004: Cannot use JSX unless the '--jsx' flag is provided.
src/components/Settings.tsx(227,21): error TS17004: Cannot use JSX unless the '--jsx' flag is provided.
src/components/Settings.tsx(228,25): error TS17004: Cannot use JSX unless the '--jsx' flag is provided.
src/components/Settings.tsx(229,25): error TS17004: Cannot use JSX unless the '--jsx' flag is provided.
src/components/Settings.tsx(233,17): error TS17004: Cannot use JSX unless the '--jsx' flag is provided.
src/components/Settings.tsx(234,21): error TS17004: Cannot use JSX unless the '--jsx' flag is provided.
src/components/Settings.tsx(235,25): error TS17004: Cannot use JSX unless the '--jsx' flag is provided.
src/components/Settings.tsx(236,25): error TS17004: Cannot use JSX unless the '--jsx' flag is provided.
src/components/Settings.tsx(238,21): error TS17004: Cannot use JSX unless the '--jsx' flag is provided.
src/components/Settings.tsx(239,25): error TS17004: Cannot use JSX unless the '--jsx' flag is provided.
src/components/Settings.tsx(240,25): error TS17004: Cannot use JSX unless the '--jsx' flag is provided.
src/components/Settings.tsx(245,21): error TS17004: Cannot use JSX unless the '--jsx' flag is provided.
src/components/Settings.tsx(246,25): error TS17004: Cannot use JSX unless the '--jsx' flag is provided.
src/components/Settings.tsx(247,29): error TS17004: Cannot use JSX unless the '--jsx' flag is provided.
src/components/Settings.tsx(248,33): error TS17004: Cannot use JSX unless the '--jsx' flag is provided.
src/components/Settings.tsx(251,29): error TS17004: Cannot use JSX unless the '--jsx' flag is provided.
src/components/Settings.tsx(253,37): error TS17004: Cannot use JSX unless the '--jsx' flag is provided.
src/components/Settings.tsx(254,41): error TS17004: Cannot use JSX unless the '--jsx' flag is provided.
src/components/Settings.tsx(255,41): error TS17004: Cannot use JSX unless the '--jsx' flag is provided.
src/components/Settings.tsx(268,17): error TS17004: Cannot use JSX unless the '--jsx' flag is provided.
src/components/Settings.tsx(269,21): error TS17004: Cannot use JSX unless the '--jsx' flag is provided.
src/components/Settings.tsx(270,25): error TS17004: Cannot use JSX unless the '--jsx' flag is provided.
src/components/Settings.tsx(271,29): error TS17004: Cannot use JSX unless the '--jsx' flag is provided.
src/components/Settings.tsx(274,25): error TS17004: Cannot use JSX unless the '--jsx' flag is provided.
src/components/Settings.tsx(275,29): error TS17004: Cannot use JSX unless the '--jsx' flag is provided.
src/components/Settings.tsx(278,29): error TS17004: Cannot use JSX unless the '--jsx' flag is provided.
src/components/Settings.tsx(283,25): error TS17004: Cannot use JSX unless the '--jsx' flag is provided.
src/components/Settings.tsx(285,33): error TS17004: Cannot use JSX unless the '--jsx' flag is provided.
src/components/Settings.tsx(287,33): error TS17004: Cannot use JSX unless the '--jsx' flag is provided.
src/components/Settings.tsx(288,37): error TS17004: Cannot use JSX unless the '--jsx' flag is provided.
src/components/Settings.tsx(294,29): error TS17004: Cannot use JSX unless the '--jsx' flag is provided.
src/components/Settings.tsx(295,33): error TS17004: Cannot use JSX unless the '--jsx' flag is provided.
src/components/Settings.tsx(296,33): error TS17004: Cannot use JSX unless the '--jsx' flag is provided.
src/components/Settings.tsx(305,17): error TS17004: Cannot use JSX unless the '--jsx' flag is provided.
src/components/Settings.tsx(306,21): error TS17004: Cannot use JSX unless the '--jsx' flag is provided.
src/components/Settings.tsx(307,25): error TS17004: Cannot use JSX unless the '--jsx' flag is provided.
src/components/Settings.tsx(308,29): error TS17004: Cannot use JSX unless the '--jsx' flag is provided.
src/components/Settings.tsx(310,25): error TS17004: Cannot use JSX unless the '--jsx' flag is provided.
src/components/Settings.tsx(311,25): error TS17004: Cannot use JSX unless the '--jsx' flag is provided.
src/components/Settings.tsx(312,29): error TS17004: Cannot use JSX unless the '--jsx' flag is provided.
src/components/Settings.tsx(313,29): error TS17004: Cannot use JSX unless the '--jsx' flag is provided.
src/components/Settings.tsx(321,17): error TS17004: Cannot use JSX unless the '--jsx' flag is provided.
src/components/Settings.tsx(322,21): error TS17004: Cannot use JSX unless the '--jsx' flag is provided.
src/components/Settings.tsx(323,25): error TS17004: Cannot use JSX unless the '--jsx' flag is provided.
src/components/Settings.tsx(324,29): error TS17004: Cannot use JSX unless the '--jsx' flag is provided.
src/components/Settings.tsx(325,29): error TS17004: Cannot use JSX unless the '--jsx' flag is provided.
src/components/Settings.tsx(325,138): error TS17004: Cannot use JSX unless the '--jsx' flag is provided.
src/components/Settings.tsx(327,25): error TS17004: Cannot use JSX unless the '--jsx' flag is provided.
src/components/Settings.tsx(328,29): error TS17004: Cannot use JSX unless the '--jsx' flag is provided.
src/components/Settings.tsx(330,33): error TS17004: Cannot use JSX unless the '--jsx' flag is provided.
src/components/Settings.tsx(331,37): error TS17004: Cannot use JSX unless the '--jsx' flag is provided.
src/components/Settings.tsx(332,37): error TS17004: Cannot use JSX unless the '--jsx' flag is provided.
src/components/Settings.tsx(336,33): error TS17004: Cannot use JSX unless the '--jsx' flag is provided.
src/components/Settings.tsx(336,192): error TS17004: Cannot use JSX unless the '--jsx' flag is provided.
src/components/Settings.tsx(339,25): error TS17004: Cannot use JSX unless the '--jsx' flag is provided.
src/components/Settings.tsx(340,29): error TS17004: Cannot use JSX unless the '--jsx' flag is provided.
src/components/Settings.tsx(341,29): error TS17004: Cannot use JSX unless the '--jsx' flag is provided.
src/components/Settings.tsx(342,29): error TS17004: Cannot use JSX unless the '--jsx' flag is provided.
src/components/Settings.tsx(344,39): error TS17004: Cannot use JSX unless the '--jsx' flag is provided.
src/components/Settings.tsx(350,13): error TS17004: Cannot use JSX unless the '--jsx' flag is provided.
src/components/Settings.tsx(351,17): error TS17004: Cannot use JSX unless the '--jsx' flag is provided.
src/components/Settings.tsx(352,21): error TS17004: Cannot use JSX unless the '--jsx' flag is provided.
src/components/Settings.tsx(353,25): error TS17004: Cannot use JSX unless the '--jsx' flag is provided.
src/components/Settings.tsx(353,152): error TS17004: Cannot use JSX unless the '--jsx' flag is provided.
src/components/Settings.tsx(354,25): error TS17004: Cannot use JSX unless the '--jsx' flag is provided.
src/components/Settings.tsx(355,29): error TS17004: Cannot use JSX unless the '--jsx' flag is provided.
src/components/Settings.tsx(356,29): error TS17004: Cannot use JSX unless the '--jsx' flag is provided.
src/components/Settings.tsx(359,21): error TS17004: Cannot use JSX unless the '--jsx' flag is provided.
src/components/Settings.tsx(360,25): error TS17004: Cannot use JSX unless the '--jsx' flag is provided.
src/components/Settings.tsx(364,17): error TS17004: Cannot use JSX unless the '--jsx' flag is provided.
src/components/Settings.tsx(365,21): error TS17004: Cannot use JSX unless the '--jsx' flag is provided.
src/components/Settings.tsx(366,25): error TS17004: Cannot use JSX unless the '--jsx' flag is provided.
src/components/Settings.tsx(366,147): error TS17004: Cannot use JSX unless the '--jsx' flag is provided.
src/components/Settings.tsx(367,25): error TS17004: Cannot use JSX unless the '--jsx' flag is provided.
src/components/Settings.tsx(367,30): error TS17004: Cannot use JSX unless the '--jsx' flag is provided.
src/components/Settings.tsx(367,91): error TS17004: Cannot use JSX unless the '--jsx' flag is provided.
src/components/Settings.tsx(369,21): error TS17004: Cannot use JSX unless the '--jsx' flag is provided.
src/components/Settings.tsx(373,13): error TS17004: Cannot use JSX unless the '--jsx' flag is provided.
src/components/Settings.tsx(374,17): error TS17004: Cannot use JSX unless the '--jsx' flag is provided.
src/components/Settings.tsx(375,17): error TS17004: Cannot use JSX unless the '--jsx' flag is provided.
src/network/P2pMesh.ts(66,40): error TS2802: Type 'Map<string, any>' can only be iterated through when using the '--downlevelIteration' flag or with a '--target' of 'es2015' or higher.
